[0.013s][info][gc,init] CardTable entry size: 512
[0.024s][info][gc     ] Using G1
[0.026s][info][gc,init] Version: 19.0.2+7-44 (release)
[0.026s][info][gc,init] CPUs: 8 total, 8 available
[0.026s][info][gc,init] Memory: 15980M
[0.026s][info][gc,init] Large Page Support: Disabled
[0.026s][info][gc,init] NUMA Support: Disabled
[0.026s][info][gc,init] Compressed Oops: Enabled (Zero based)
[0.026s][info][gc,init] Heap Region Size: 2M
[0.026s][info][gc,init] Heap Min Capacity: 8M
[0.026s][info][gc,init] Heap Initial Capacity: 250M
[0.026s][info][gc,init] Heap Max Capacity: 3996M
[0.026s][info][gc,init] Pre-touch: Disabled
[0.026s][info][gc,init] Parallel Workers: 8
[0.026s][info][gc,init] Concurrent Workers: 2
[0.026s][info][gc,init] Concurrent Refinement Workers: 8
[0.026s][info][gc,init] Periodic GC: Disabled
[0.026s][info][gc,metaspace] CDS archive(s) mapped at: [0x0000000800000000-0x0000000800c40000-0x0000000800c40000), size 12845056, SharedBaseAddress: 0x0000000800000000, ArchiveRelocationMode: 0.
[0.026s][info][gc,metaspace] Compressed class space mapped at: 0x0000000801000000-0x0000000841000000, reserved size: 1073741824
[0.027s][info][gc,metaspace] Narrow klass base: 0x0000000800000000, Narrow klass shift: 0, Narrow klass range: 0x100000000
[0.081s][info][gc,heap,exit] Heap
[0.081s][info][gc,heap,exit]  garbage-first heap   total 256000K, used 2951K [0x0000000706400000, 0x0000000800000000)
[0.081s][info][gc,heap,exit]   region size 2048K, 2 young (4096K), 0 survivors (0K)
[0.081s][info][gc,heap,exit]  Metaspace       used 190K, committed 384K, reserved 1114112K
[0.081s][info][gc,heap,exit]   class space    used 9K, committed 128K, reserved 1048576K
